
===========================================================================
report_checks -unconstrained
===========================================================================
======================= max_ff_n40C_1v95 Corner ===================================

Startpoint: rst (input port clocked by clk)
Endpoint: _2_ (recovery check against rising-edge clock clk)
Path Group: asynchronous
Path Type: max

Fanout         Cap        Slew       Delay        Time   Description
---------------------------------------------------------------------------------------------
                                  0.000000    0.000000   clock clk (rise edge)
                                  0.000000    0.000000   clock network delay (propagated)
                                  2.000000    2.000000 v input external delay
     1    0.003366    0.005546    0.002822    2.002822 v rst (in)
                                                         rst (net)
                      0.005555    0.000000    2.002822 v input2/A (sky130_fd_sc_hd__clkdlybuf4s25_1)
     1    0.005683    0.040037    0.159674    2.162497 v input2/X (sky130_fd_sc_hd__clkdlybuf4s25_1)
                                                         net2 (net)
                      0.040041    0.000435    2.162932 v _1_/A (sky130_fd_sc_hd__inv_2)
     1    0.004319    0.022604    0.034767    2.197699 ^ _1_/Y (sky130_fd_sc_hd__inv_2)
                                                         _0_ (net)
                      0.022607    0.000234    2.197932 ^ _2_/RESET_B (sky130_fd_sc_hd__dfrtp_2)
                                              2.197932   data arrival time

                                 10.000000   10.000000   clock clk (rise edge)
                                  0.000000   10.000000   clock source latency
     1    0.004098    0.018565    0.010689   10.010690 ^ clk (in)
                                                         clk (net)
                      0.018566    0.000000   10.010690 ^ _2_/CLK (sky130_fd_sc_hd__dfrtp_2)
                                 -0.250000    9.760690   clock uncertainty
                                  0.000000    9.760690   clock reconvergence pessimism
                                  0.133986    9.894674   library recovery time
                                              9.894674   data required time
---------------------------------------------------------------------------------------------
                                              9.894674   data required time
                                             -2.197932   data arrival time
---------------------------------------------------------------------------------------------
                                              7.696743   slack (MET)


Startpoint: _2_ (rising edge-triggered flip-flop clocked by clk)
Endpoint: out (output port clocked by clk)
Path Group: clk
Path Type: max

Fanout         Cap        Slew       Delay        Time   Description
---------------------------------------------------------------------------------------------
                                  0.000000    0.000000   clock clk (rise edge)
                                  0.000000    0.000000   clock source latency
     1    0.004098    0.018565    0.010689    0.010689 ^ clk (in)
                                                         clk (net)
                      0.018566    0.000000    0.010689 ^ _2_/CLK (sky130_fd_sc_hd__dfrtp_2)
     1    0.003295    0.027410    0.204059    0.214748 ^ _2_/Q (sky130_fd_sc_hd__dfrtp_2)
                                                         net3 (net)
                      0.027410    0.000143    0.214891 ^ output3/A (sky130_fd_sc_hd__clkdlybuf4s25_1)
     1    0.035004    0.265026    0.320265    0.535156 ^ output3/X (sky130_fd_sc_hd__clkdlybuf4s25_1)
                                                         out (net)
                      0.265032    0.001675    0.536831 ^ out (out)
                                              0.536831   data arrival time

                                 10.000000   10.000000   clock clk (rise edge)
                                  0.000000   10.000000   clock network delay (propagated)
                                 -0.250000    9.750000   clock uncertainty
                                  0.000000    9.750000   clock reconvergence pessimism
                                 -2.000000    7.750000   output external delay
                                              7.750000   data required time
---------------------------------------------------------------------------------------------
                                              7.750000   data required time
                                             -0.536831   data arrival time
---------------------------------------------------------------------------------------------
                                              7.213169   slack (MET)




===========================================================================
report_checks --slack_max -0.01
============================================================================
======================= max_ff_n40C_1v95 Corner ===================================

No paths found.


===========================================================================
 report_check_types -max_slew -max_cap -max_fanout -violators
============================================================================
======================= max_ff_n40C_1v95 Corner ===================================



===========================================================================
report_parasitic_annotation -report_unannotated
============================================================================
Found 0 unannotated drivers.
Found 0 partially unannotated drivers.

===========================================================================
max slew violation count 0
max fanout violation count 0
max cap violation count 0
============================================================================

===========================================================================
check_setup -verbose -unconstrained_endpoints -multiple_clock -no_clock -no_input_delay -loops -generated_clocks
===========================================================================
