
===========================================================================
 report_power
============================================================================
======================= max_ff_n40C_1v95 Corner ===================================

Group                    Internal    Switching      Leakage        Total
                            Power        Power        Power        Power (Watts)
------------------------------------------------------------------------
Sequential           5.038640e-06 6.263877e-08 1.809977e-11 5.101297e-06  73.1%
Combinational        9.620203e-07 9.124834e-07 2.575764e-11 1.874530e-06  26.9%
Clock                0.000000e+00 0.000000e+00 6.958591e-10 6.958591e-10   0.0%
Macro                0.000000e+00 0.000000e+00 0.000000e+00 0.000000e+00   0.0%
Pad                  0.000000e+00 0.000000e+00 0.000000e+00 0.000000e+00   0.0%
------------------------------------------------------------------------
Total                6.000661e-06 9.751222e-07 7.397166e-10 6.976523e-06 100.0%
                            86.0%        14.0%         0.0%

