
===========================================================================
 report_power
============================================================================
======================= nom_tt_025C_1v80 Corner ===================================

Group                    Internal    Switching      Leakage        Total
                            Power        Power        Power        Power (Watts)
------------------------------------------------------------------------
Sequential           4.348174e-06 5.768017e-07 1.065845e-11 4.924986e-06  97.8%
Combinational        4.267759e-08 6.656377e-08 4.247900e-12 1.092456e-07   2.2%
Clock                0.000000e+00 0.000000e+00 6.480075e-11 6.480075e-11   0.0%
Macro                0.000000e+00 0.000000e+00 0.000000e+00 0.000000e+00   0.0%
Pad                  0.000000e+00 0.000000e+00 0.000000e+00 0.000000e+00   0.0%
------------------------------------------------------------------------
Total                4.390852e-06 6.433654e-07 7.970711e-11 5.034296e-06 100.0%
                            87.2%        12.8%         0.0%
Writing metric power__internal__total: 4.39085170000908e-6
Writing metric power__switching__total: 6.433654107240727e-7
Writing metric power__leakage__total: 7.970710896865185e-11
Writing metric power__total: 5.034296464145882e-6

