
===========================================================================
 report_power
============================================================================
======================= nom_ss_100C_1v60 Corner ===================================

Group                    Internal    Switching      Leakage        Total
                            Power        Power        Power        Power (Watts)
------------------------------------------------------------------------
Sequential           3.386749e-06 4.049794e-08 1.951533e-08 3.446763e-06  72.4%
Combinational        6.916651e-07 6.040245e-07 1.702252e-08 1.312712e-06  27.6%
Clock                0.000000e+00 0.000000e+00 5.550514e-10 5.550514e-10   0.0%
Macro                0.000000e+00 0.000000e+00 0.000000e+00 0.000000e+00   0.0%
Pad                  0.000000e+00 0.000000e+00 0.000000e+00 0.000000e+00   0.0%
------------------------------------------------------------------------
Total                4.078414e-06 6.445225e-07 3.709291e-08 4.760030e-06 100.0%
                            85.7%        13.5%         0.8%

