
===========================================================================
 report_power
============================================================================
======================= nom_ss_100C_1v60 Corner ===================================

Group                    Internal    Switching      Leakage        Total
                            Power        Power        Power        Power (Watts)
------------------------------------------------------------------------
Sequential           3.291724e-06 4.280576e-07 1.951533e-08 3.739297e-06  97.8%
Combinational        3.602544e-08 4.343040e-08 4.574468e-09 8.403030e-08   2.2%
Clock                0.000000e+00 0.000000e+00 0.000000e+00 0.000000e+00   0.0%
Macro                0.000000e+00 0.000000e+00 0.000000e+00 0.000000e+00   0.0%
Pad                  0.000000e+00 0.000000e+00 0.000000e+00 0.000000e+00   0.0%
------------------------------------------------------------------------
Total                3.327750e-06 4.714880e-07 2.408980e-08 3.823328e-06 100.0%
                            87.0%        12.3%         0.6%

