
===========================================================================
 report_power
============================================================================
======================= nom_ff_n40C_1v95 Corner ===================================

Group                    Internal    Switching      Leakage        Total
                            Power        Power        Power        Power (Watts)
------------------------------------------------------------------------
Sequential           5.038952e-06 6.148456e-08 1.809977e-11 5.100454e-06  73.2%
Combinational        9.619378e-07 9.067140e-07 2.575764e-11 1.868678e-06  26.8%
Clock                0.000000e+00 0.000000e+00 6.958591e-10 6.958591e-10   0.0%
Macro                0.000000e+00 0.000000e+00 0.000000e+00 0.000000e+00   0.0%
Pad                  0.000000e+00 0.000000e+00 0.000000e+00 0.000000e+00   0.0%
------------------------------------------------------------------------
Total                6.000890e-06 9.681986e-07 7.397166e-10 6.969829e-06 100.0%
                            86.1%        13.9%         0.0%

