
===========================================================================
 report_power
============================================================================
======================= nom_ff_n40C_1v95 Corner ===================================

Group                    Internal    Switching      Leakage        Total
                            Power        Power        Power        Power (Watts)
------------------------------------------------------------------------
Sequential           5.061511e-06 6.358160e-07 1.809977e-11 5.697345e-06  98.0%
Combinational        4.635283e-08 6.876822e-08 6.235738e-12 1.151273e-07   2.0%
Clock                0.000000e+00 0.000000e+00 0.000000e+00 0.000000e+00   0.0%
Macro                0.000000e+00 0.000000e+00 0.000000e+00 0.000000e+00   0.0%
Pad                  0.000000e+00 0.000000e+00 0.000000e+00 0.000000e+00   0.0%
------------------------------------------------------------------------
Total                5.107864e-06 7.045842e-07 2.433551e-11 5.812472e-06 100.0%
                            87.9%        12.1%         0.0%

