
===========================================================================
report_checks -unconstrained
===========================================================================
======================= nom_tt_025C_1v80 Corner ===================================

Startpoint: rst (input port clocked by clk)
Endpoint: _2_ (recovery check against rising-edge clock clk)
Path Group: asynchronous
Path Type: max

Fanout         Cap        Slew       Delay        Time   Description
---------------------------------------------------------------------------------------------
                                  0.000000    0.000000   clock clk (rise edge)
                                  0.000000    0.000000   clock network delay (propagated)
                                  2.000000    2.000000 v input external delay
     1    0.003204    0.009569    0.005123    2.005123 v rst (in)
                                                         rst (net)
                      0.009570    0.000000    2.005123 v input2/A (sky130_fd_sc_hd__clkdlybuf4s25_1)
     1    0.005988    0.060540    0.246462    2.251585 v input2/X (sky130_fd_sc_hd__clkdlybuf4s25_1)
                                                         net2 (net)
                      0.060540    0.000239    2.251825 v _1_/A (sky130_fd_sc_hd__inv_2)
     1    0.004702    0.031750    0.053108    2.304933 ^ _1_/Y (sky130_fd_sc_hd__inv_2)
                                                         _0_ (net)
                      0.031753    0.000129    2.305062 ^ _2_/RESET_B (sky130_fd_sc_hd__dfrtp_2)
                                              2.305062   data arrival time

                                 10.000000   10.000000   clock clk (rise edge)
                                  0.000000   10.000000   clock source latency
     1    0.003590    0.023158    0.013085   10.013084 ^ clk (in)
                                                         clk (net)
                      0.023158    0.000000   10.013084 ^ _2_/CLK (sky130_fd_sc_hd__dfrtp_2)
                                 -0.250000    9.763084   clock uncertainty
                                  0.000000    9.763084   clock reconvergence pessimism
                                  0.216447    9.979532   library recovery time
                                              9.979532   data required time
---------------------------------------------------------------------------------------------
                                              9.979532   data required time
                                             -2.305062   data arrival time
---------------------------------------------------------------------------------------------
                                              7.674470   slack (MET)


Startpoint: _2_ (rising edge-triggered flip-flop clocked by clk)
Endpoint: out (output port clocked by clk)
Path Group: clk
Path Type: max

Fanout         Cap        Slew       Delay        Time   Description
---------------------------------------------------------------------------------------------
                                  0.000000    0.000000   clock clk (rise edge)
                                  0.000000    0.000000   clock source latency
     1    0.003590    0.023158    0.013084    0.013084 ^ clk (in)
                                                         clk (net)
                      0.023158    0.000000    0.013084 ^ _2_/CLK (sky130_fd_sc_hd__dfrtp_2)
     1    0.003416    0.040747    0.325841    0.338925 ^ _2_/Q (sky130_fd_sc_hd__dfrtp_2)
                                                         net3 (net)
                      0.040747    0.000086    0.339012 ^ output3/A (sky130_fd_sc_hd__clkdlybuf4s25_1)
     1    0.034891    0.352207    0.461937    0.800949 ^ output3/X (sky130_fd_sc_hd__clkdlybuf4s25_1)
                                                         out (net)
                      0.352207    0.000817    0.801766 ^ out (out)
                                              0.801766   data arrival time

                                 10.000000   10.000000   clock clk (rise edge)
                                  0.000000   10.000000   clock network delay (propagated)
                                 -0.250000    9.750000   clock uncertainty
                                  0.000000    9.750000   clock reconvergence pessimism
                                 -2.000000    7.750000   output external delay
                                              7.750000   data required time
---------------------------------------------------------------------------------------------
                                              7.750000   data required time
                                             -0.801766   data arrival time
---------------------------------------------------------------------------------------------
                                              6.948234   slack (MET)




===========================================================================
report_checks --slack_max -0.01
============================================================================
======================= nom_tt_025C_1v80 Corner ===================================

No paths found.


===========================================================================
 report_check_types -max_slew -max_cap -max_fanout -violators
============================================================================
======================= nom_tt_025C_1v80 Corner ===================================



===========================================================================
report_parasitic_annotation -report_unannotated
============================================================================
Found 0 unannotated drivers.
Found 0 partially unannotated drivers.

===========================================================================
max slew violation count 0
Writing metric design__max_slew_violation__count__corner:nom_tt_025C_1v80: 0
max fanout violation count 0
Writing metric design__max_fanout_violation__count__corner:nom_tt_025C_1v80: 0
max cap violation count 0
Writing metric design__max_cap_violation__count__corner:nom_tt_025C_1v80: 0
============================================================================

===========================================================================
check_setup -verbose -unconstrained_endpoints -multiple_clock -no_clock -no_input_delay -loops -generated_clocks
===========================================================================
