
===========================================================================
 report_power
============================================================================
======================= nom_tt_025C_1v80 Corner ===================================

Group                    Internal    Switching      Leakage        Total
                            Power        Power        Power        Power (Watts)
------------------------------------------------------------------------
Sequential           4.333548e-06 5.534410e-08 1.065845e-11 4.388903e-06  72.7%
Combinational        8.480516e-07 7.964869e-07 1.555595e-11 1.644554e-06  27.3%
Clock                0.000000e+00 0.000000e+00 6.480075e-11 6.480075e-11   0.0%
Macro                0.000000e+00 0.000000e+00 0.000000e+00 0.000000e+00   0.0%
Pad                  0.000000e+00 0.000000e+00 0.000000e+00 0.000000e+00   0.0%
------------------------------------------------------------------------
Total                5.181600e-06 8.518310e-07 9.101517e-11 6.033521e-06 100.0%
                            85.9%        14.1%         0.0%
Writing metric power__internal__total: 5.181599590287078e-6
Writing metric power__switching__total: 8.518310323779588e-7
Writing metric power__leakage__total: 9.101516762477502e-11
Writing metric power__total: 6.0335214584483765e-6

