
===========================================================================
 report_power
============================================================================
======================= min_ff_n40C_1v95 Corner ===================================

Group                    Internal    Switching      Leakage        Total
                            Power        Power        Power        Power (Watts)
------------------------------------------------------------------------
Sequential           5.039743e-06 6.039602e-08 1.809977e-11 5.100157e-06  73.2%
Combinational        9.619810e-07 9.014551e-07 2.575764e-11 1.863462e-06  26.8%
Clock                0.000000e+00 0.000000e+00 6.958591e-10 6.958591e-10   0.0%
Macro                0.000000e+00 0.000000e+00 0.000000e+00 0.000000e+00   0.0%
Pad                  0.000000e+00 0.000000e+00 0.000000e+00 0.000000e+00   0.0%
------------------------------------------------------------------------
Total                6.001724e-06 9.618511e-07 7.397166e-10 6.964315e-06 100.0%
                            86.2%        13.8%         0.0%

