
===========================================================================
 report_power
============================================================================
======================= max_ss_100C_1v60 Corner ===================================

Group                    Internal    Switching      Leakage        Total
                            Power        Power        Power        Power (Watts)
------------------------------------------------------------------------
Sequential           3.385931e-06 4.127501e-08 1.951533e-08 3.446721e-06  72.4%
Combinational        6.916841e-07 6.079088e-07 1.702252e-08 1.316615e-06  27.6%
Clock                0.000000e+00 0.000000e+00 5.550514e-10 5.550514e-10   0.0%
Macro                0.000000e+00 0.000000e+00 0.000000e+00 0.000000e+00   0.0%
Pad                  0.000000e+00 0.000000e+00 0.000000e+00 0.000000e+00   0.0%
------------------------------------------------------------------------
Total                4.077615e-06 6.491837e-07 3.709291e-08 4.763891e-06 100.0%
                            85.6%        13.6%         0.8%

