
===========================================================================
 report_power
============================================================================
======================= max_tt_025C_1v80 Corner ===================================

Group                    Internal    Switching      Leakage        Total
                            Power        Power        Power        Power (Watts)
------------------------------------------------------------------------
Sequential           4.331520e-06 5.272468e-08 1.065845e-11 4.384256e-06  73.0%
Combinational        8.468153e-07 7.759292e-07 1.555595e-11 1.622760e-06  27.0%
Clock                0.000000e+00 0.000000e+00 5.929267e-10 5.929267e-10   0.0%
Macro                0.000000e+00 0.000000e+00 0.000000e+00 0.000000e+00   0.0%
Pad                  0.000000e+00 0.000000e+00 0.000000e+00 0.000000e+00   0.0%
------------------------------------------------------------------------
Total                5.178336e-06 8.286539e-07 6.191412e-10 6.007609e-06 100.0%
                            86.2%        13.8%         0.0%

