
===========================================================================
report_checks -path_delay min (Hold)
============================================================================
======================= nom_tt_025C_1v80 Corner ===================================

Startpoint: rst (input port clocked by clk)
Endpoint: _2_ (removal check against rising-edge clock clk)
Path Group: asynchronous
Path Type: min

Fanout         Cap        Slew       Delay        Time   Description
---------------------------------------------------------------------------------------------
                                  0.000000    0.000000   clock clk (rise edge)
                                  0.000000    0.000000   clock network delay (propagated)
                                  2.000000    2.000000 v input external delay
     1    0.003258    0.009696    0.005214    2.005214 v rst (in)
                                                         rst (net)
                      0.009696    0.000000    2.005214 v input2/A (sky130_fd_sc_hd__clkdlybuf4s25_1)
     1    0.005554    0.057630    0.243878    2.249092 v input2/X (sky130_fd_sc_hd__clkdlybuf4s25_1)
                                                         net2 (net)
                      0.057630    0.000188    2.249280 v _1_/A (sky130_fd_sc_hd__inv_2)
     1    0.004255    0.029493    0.050540    2.299820 ^ _1_/Y (sky130_fd_sc_hd__inv_2)
                                                         _0_ (net)
                      0.029493    0.000095    2.299914 ^ _2_/RESET_B (sky130_fd_sc_hd__dfrtp_2)
                                              2.299914   data arrival time

                                  0.000000    0.000000   clock clk (rise edge)
                                  0.000000    0.000000   clock source latency
     1    0.003950    0.024723    0.014348    0.014348 ^ clk (in)
                                                         clk (net)
                      0.024731    0.000000    0.014348 ^ _2_/CLK (sky130_fd_sc_hd__dfrtp_2)
                                  0.250000    0.264348   clock uncertainty
                                  0.000000    0.264348   clock reconvergence pessimism
                                  0.310444    0.574792   library removal time
                                              0.574792   data required time
---------------------------------------------------------------------------------------------
                                              0.574792   data required time
                                             -2.299914   data arrival time
---------------------------------------------------------------------------------------------
                                              1.725123   slack (MET)


Startpoint: in (input port clocked by clk)
Endpoint: _2_ (rising edge-triggered flip-flop clocked by clk)
Path Group: clk
Path Type: min

Fanout         Cap        Slew       Delay        Time   Description
---------------------------------------------------------------------------------------------
                                  0.000000    0.000000   clock clk (rise edge)
                                  0.000000    0.000000   clock network delay (propagated)
                                  2.000000    2.000000 v input external delay
     1    0.003747    0.010830    0.006035    2.006035 v in (in)
                                                         in (net)
                      0.010830    0.000000    2.006035 v input1/A (sky130_fd_sc_hd__clkdlybuf4s25_1)
     1    0.002443    0.037494    0.224120    2.230155 v input1/X (sky130_fd_sc_hd__clkdlybuf4s25_1)
                                                         net1 (net)
                      0.037494    0.000069    2.230224 v _2_/D (sky130_fd_sc_hd__dfrtp_2)
                                              2.230224   data arrival time

                                  0.000000    0.000000   clock clk (rise edge)
                                  0.000000    0.000000   clock source latency
     1    0.003950    0.024723    0.014348    0.014348 ^ clk (in)
                                                         clk (net)
                      0.024731    0.000000    0.014348 ^ _2_/CLK (sky130_fd_sc_hd__dfrtp_2)
                                  0.250000    0.264348   clock uncertainty
                                  0.000000    0.264348   clock reconvergence pessimism
                                 -0.043680    0.220668   library hold time
                                              0.220668   data required time
---------------------------------------------------------------------------------------------
                                              0.220668   data required time
                                             -2.230224   data arrival time
---------------------------------------------------------------------------------------------
                                              2.009557   slack (MET)


Startpoint: _2_ (rising edge-triggered flip-flop clocked by clk)
Endpoint: out (output port clocked by clk)
Path Group: clk
Path Type: min

Fanout         Cap        Slew       Delay        Time   Description
---------------------------------------------------------------------------------------------
                                  0.000000    0.000000   clock clk (rise edge)
                                  0.000000    0.000000   clock source latency
     1    0.003950    0.024723    0.014348    0.014348 ^ clk (in)
                                                         clk (net)
                      0.024731    0.000000    0.014348 ^ _2_/CLK (sky130_fd_sc_hd__dfrtp_2)
     1    0.002969    0.038752    0.371576    0.385924 v _2_/Q (sky130_fd_sc_hd__dfrtp_2)
                                                         net3 (net)
                      0.038752    0.000065    0.385989 v output3/A (sky130_fd_sc_hd__clkdlybuf4s25_1)
     1    0.034920    0.259914    0.415117    0.801105 v output3/X (sky130_fd_sc_hd__clkdlybuf4s25_1)
                                                         out (net)
                      0.259914    0.000674    0.801779 v out (out)
                                              0.801779   data arrival time

                                  0.000000    0.000000   clock clk (rise edge)
                                  0.000000    0.000000   clock network delay (propagated)
                                  0.250000    0.250000   clock uncertainty
                                  0.000000    0.250000   clock reconvergence pessimism
                                 -2.000000   -1.750000   output external delay
                                             -1.750000   data required time
---------------------------------------------------------------------------------------------
                                             -1.750000   data required time
                                             -0.801779   data arrival time
---------------------------------------------------------------------------------------------
                                              2.551779   slack (MET)



