
===========================================================================
 report_power
============================================================================
======================= nom_tt_025C_1v80 Corner ===================================

Group                    Internal    Switching      Leakage        Total
                            Power        Power        Power        Power (Watts)
------------------------------------------------------------------------
Sequential           4.334345e-06 4.794066e-08 1.065845e-11 4.382297e-06  73.1%
Combinational        8.469463e-07 7.629495e-07 1.555595e-11 1.609911e-06  26.9%
Clock                0.000000e+00 0.000000e+00 6.480075e-11 6.480075e-11   0.0%
Macro                0.000000e+00 0.000000e+00 0.000000e+00 0.000000e+00   0.0%
Pad                  0.000000e+00 0.000000e+00 0.000000e+00 0.000000e+00   0.0%
------------------------------------------------------------------------
Total                5.181292e-06 8.108902e-07 9.101517e-11 5.992273e-06 100.0%
                            86.5%        13.5%         0.0%
Writing metric power__internal__total: 5.181291726330528e-6
Writing metric power__switching__total: 8.108901852210693e-7
Writing metric power__leakage__total: 9.101516762477502e-11
Writing metric power__total: 5.992272690491518e-6

