
===========================================================================
 report_power
============================================================================
======================= min_ss_100C_1v60 Corner ===================================

Group                    Internal    Switching      Leakage        Total
                            Power        Power        Power        Power (Watts)
------------------------------------------------------------------------
Sequential           3.389062e-06 3.976509e-08 1.951533e-08 3.448342e-06  72.5%
Combinational        6.916932e-07 6.004840e-07 1.702252e-08 1.309200e-06  27.5%
Clock                0.000000e+00 0.000000e+00 5.550514e-10 5.550514e-10   0.0%
Macro                0.000000e+00 0.000000e+00 0.000000e+00 0.000000e+00   0.0%
Pad                  0.000000e+00 0.000000e+00 0.000000e+00 0.000000e+00   0.0%
------------------------------------------------------------------------
Total                4.080755e-06 6.402491e-07 3.709291e-08 4.758097e-06 100.0%
                            85.8%        13.5%         0.8%

